../Middlewares/Third_Party/winc1500_19.6.1/socket/source/socket.c:137:13:Socket_ReadSocketData	40	static
../Middlewares/Third_Party/winc1500_19.6.1/socket/source/socket.c:209:13:m2m_ip_cb	248	static
../Middlewares/Third_Party/winc1500_19.6.1/socket/source/socket.c:423:6:socketInit	8	static
../Middlewares/Third_Party/winc1500_19.6.1/socket/source/socket.c:451:6:socketDeinit	8	static
../Middlewares/Third_Party/winc1500_19.6.1/socket/source/socket.c:477:6:registerSocketCallback	16	static
../Middlewares/Third_Party/winc1500_19.6.1/socket/source/socket.c:482:6:registerSocketEventCallback	16	static
../Middlewares/Third_Party/winc1500_19.6.1/socket/source/socket.c:486:6:registerSocketResolveCallback	16	static
../Middlewares/Third_Party/winc1500_19.6.1/socket/source/socket.c:511:8:socket	56	static
../Middlewares/Third_Party/winc1500_19.6.1/socket/source/socket.c:597:8:bind	48	static
../Middlewares/Third_Party/winc1500_19.6.1/socket/source/socket.c:642:8:listen	40	static
../Middlewares/Third_Party/winc1500_19.6.1/socket/source/socket.c:680:8:accept	32	static
../Middlewares/Third_Party/winc1500_19.6.1/socket/source/socket.c:709:8:connect	48	static
../Middlewares/Third_Party/winc1500_19.6.1/socket/source/socket.c:750:9:send	64	static
../Middlewares/Third_Party/winc1500_19.6.1/socket/source/socket.c:802:9:sendto	64	static
../Middlewares/Third_Party/winc1500_19.6.1/socket/source/socket.c:857:9:recv	56	static
../Middlewares/Third_Party/winc1500_19.6.1/socket/source/socket.c:913:8:shutdown	40	static
../Middlewares/Third_Party/winc1500_19.6.1/socket/source/socket.c:958:9:recvfrom	56	static
../Middlewares/Third_Party/winc1500_19.6.1/socket/source/socket.c:1016:8:gethostbyname	40	static
../Middlewares/Third_Party/winc1500_19.6.1/socket/source/socket.c:1044:15:sslSetSockOpt	144	static
../Middlewares/Third_Party/winc1500_19.6.1/socket/source/socket.c:1146:8:setsockopt	48	static
../Middlewares/Third_Party/winc1500_19.6.1/socket/source/socket.c:1192:8:getsockopt	16	static
../Middlewares/Third_Party/winc1500_19.6.1/socket/source/socket.c:1215:8:m2m_ping_req	56	static
../Middlewares/Third_Party/winc1500_19.6.1/socket/source/socket.c:1250:8:sslEnableCertExpirationCheck	40	static
../Middlewares/Third_Party/winc1500_19.6.1/socket/source/socket.c:1275:9:IsSocketReady	4	static
