../Middlewares/Third_Party/winc1500_19.6.1/driver/source/m2m_wifi.c:63:13:m2m_wifi_cb	200	static
../Middlewares/Third_Party/winc1500_19.6.1/driver/source/m2m_wifi.c:256:8:m2m_wifi_download_mode	16	static
../Middlewares/Third_Party/winc1500_19.6.1/driver/source/m2m_wifi.c:272:15:m2m_validate_ap_parameters	24	static
../Middlewares/Third_Party/winc1500_19.6.1/driver/source/m2m_wifi.c:357:15:m2m_validate_scan_options	24	static
../Middlewares/Third_Party/winc1500_19.6.1/driver/source/m2m_wifi.c:399:8:m2m_wifi_send_crl	40	static
../Middlewares/Third_Party/winc1500_19.6.1/driver/source/m2m_wifi.c:406:8:m2m_wifi_init_hold	16	static
../Middlewares/Third_Party/winc1500_19.6.1/driver/source/m2m_wifi.c:420:8:m2m_wifi_init_start	64	static
../Middlewares/Third_Party/winc1500_19.6.1/driver/source/m2m_wifi.c:477:8:m2m_wifi_init	24	static
../Middlewares/Third_Party/winc1500_19.6.1/driver/source/m2m_wifi.c:489:9:m2m_wifi_deinit	16	static
../Middlewares/Third_Party/winc1500_19.6.1/driver/source/m2m_wifi.c:499:8:m2m_wifi_handle_events	8	static
../Middlewares/Third_Party/winc1500_19.6.1/driver/source/m2m_wifi.c:504:8:m2m_wifi_delete_sc	72	static
../Middlewares/Third_Party/winc1500_19.6.1/driver/source/m2m_wifi.c:512:8:m2m_wifi_default_connect	24	static
../Middlewares/Third_Party/winc1500_19.6.1/driver/source/m2m_wifi.c:520:15:m2m_wifi_connect_prepare_msg	32	static
../Middlewares/Third_Party/winc1500_19.6.1/driver/source/m2m_wifi.c:588:16:hexchar_2_val	16	static
../Middlewares/Third_Party/winc1500_19.6.1/driver/source/m2m_wifi.c:600:15:hexstr_2_bytes	32	static
../Middlewares/Third_Party/winc1500_19.6.1/driver/source/m2m_wifi.c:620:8:m2m_wifi_connect_open	88	static
../Middlewares/Third_Party/winc1500_19.6.1/driver/source/m2m_wifi.c:638:8:m2m_wifi_connect_wep	96	static
../Middlewares/Third_Party/winc1500_19.6.1/driver/source/m2m_wifi.c:681:8:m2m_wifi_connect_psk	96	static
../Middlewares/Third_Party/winc1500_19.6.1/driver/source/m2m_wifi.c:748:8:m2m_wifi_connect_1x_mschap2	104	static
../Middlewares/Third_Party/winc1500_19.6.1/driver/source/m2m_wifi.c:822:8:m2m_wifi_connect_1x_tls	112	static
../Middlewares/Third_Party/winc1500_19.6.1/driver/source/m2m_wifi.c:920:8:m2m_wifi_connect	32	static
../Middlewares/Third_Party/winc1500_19.6.1/driver/source/m2m_wifi.c:924:8:m2m_wifi_connect_sc	96	static
../Middlewares/Third_Party/winc1500_19.6.1/driver/source/m2m_wifi.c:992:8:m2m_wifi_disconnect	24	static
../Middlewares/Third_Party/winc1500_19.6.1/driver/source/m2m_wifi.c:997:8:m2m_wifi_set_mac_address	40	static
../Middlewares/Third_Party/winc1500_19.6.1/driver/source/m2m_wifi.c:1005:8:m2m_wifi_set_static_ip	32	static
../Middlewares/Third_Party/winc1500_19.6.1/driver/source/m2m_wifi.c:1028:8:m2m_wifi_enable_dhcp	40	static
../Middlewares/Third_Party/winc1500_19.6.1/driver/source/m2m_wifi.c:1036:8:m2m_wifi_set_lsn_int	32	static
../Middlewares/Third_Party/winc1500_19.6.1/driver/source/m2m_wifi.c:1041:8:m2m_wifi_set_cust_InfoElement	40	static
../Middlewares/Third_Party/winc1500_19.6.1/driver/source/m2m_wifi.c:1054:8:m2m_wifi_set_scan_options	40	static
../Middlewares/Third_Party/winc1500_19.6.1/driver/source/m2m_wifi.c:1063:8:m2m_wifi_set_scan_region	40	static
../Middlewares/Third_Party/winc1500_19.6.1/driver/source/m2m_wifi.c:1071:8:m2m_wifi_request_scan	40	static
../Middlewares/Third_Party/winc1500_19.6.1/driver/source/m2m_wifi.c:1099:8:m2m_wifi_request_scan_passive	40	static
../Middlewares/Third_Party/winc1500_19.6.1/driver/source/m2m_wifi.c:1130:8:m2m_wifi_request_scan_ssid_list	48	static
../Middlewares/Third_Party/winc1500_19.6.1/driver/source/m2m_wifi.c:1169:8:m2m_wifi_wps	48	static
../Middlewares/Third_Party/winc1500_19.6.1/driver/source/m2m_wifi.c:1182:8:m2m_wifi_wps_disable	32	static
../Middlewares/Third_Party/winc1500_19.6.1/driver/source/m2m_wifi.c:1199:8:m2m_wifi_req_client_ctrl	24	static
../Middlewares/Third_Party/winc1500_19.6.1/driver/source/m2m_wifi.c:1222:8:m2m_wifi_req_server_init	24	static
../Middlewares/Third_Party/winc1500_19.6.1/driver/source/m2m_wifi.c:1234:8:m2m_wifi_p2p	40	static
../Middlewares/Third_Party/winc1500_19.6.1/driver/source/m2m_wifi.c:1250:8:m2m_wifi_p2p_disconnect	32	static
../Middlewares/Third_Party/winc1500_19.6.1/driver/source/m2m_wifi.c:1257:8:m2m_wifi_enable_ap	168	static
../Middlewares/Third_Party/winc1500_19.6.1/driver/source/m2m_wifi.c:1270:8:m2m_wifi_enable_ap_ext	40	static
../Middlewares/Third_Party/winc1500_19.6.1/driver/source/m2m_wifi.c:1280:8:m2m_wifi_set_gains	40	static
../Middlewares/Third_Party/winc1500_19.6.1/driver/source/m2m_wifi.c:1289:8:m2m_wifi_disable_ap	32	static
../Middlewares/Third_Party/winc1500_19.6.1/driver/source/m2m_wifi.c:1302:8:m2m_wifi_req_curr_rssi	32	static
../Middlewares/Third_Party/winc1500_19.6.1/driver/source/m2m_wifi.c:1308:8:m2m_wifi_send_ethernet_pkt	40	static
../Middlewares/Third_Party/winc1500_19.6.1/driver/source/m2m_wifi.c:1335:8:m2m_wifi_get_otp_mac_address	24	static
../Middlewares/Third_Party/winc1500_19.6.1/driver/source/m2m_wifi.c:1359:8:m2m_wifi_get_mac_address	24	static
../Middlewares/Third_Party/winc1500_19.6.1/driver/source/m2m_wifi.c:1391:8:m2m_wifi_req_scan_result	40	static
../Middlewares/Third_Party/winc1500_19.6.1/driver/source/m2m_wifi.c:1411:9:m2m_wifi_get_num_ap_found	4	static
../Middlewares/Third_Party/winc1500_19.6.1/driver/source/m2m_wifi.c:1421:9:m2m_wifi_get_sleep_mode	8	static
../Middlewares/Third_Party/winc1500_19.6.1/driver/source/m2m_wifi.c:1439:8:m2m_wifi_set_sleep_mode	40	static
../Middlewares/Third_Party/winc1500_19.6.1/driver/source/m2m_wifi.c:1459:8:m2m_wifi_request_sleep	40	static
../Middlewares/Third_Party/winc1500_19.6.1/driver/source/m2m_wifi.c:1482:8:m2m_wifi_set_device_name	80	static
../Middlewares/Third_Party/winc1500_19.6.1/driver/source/m2m_wifi.c:1508:8:m2m_wifi_configure_sntp	72	static
../Middlewares/Third_Party/winc1500_19.6.1/driver/source/m2m_wifi.c:1533:10:m2m_wifi_get_chipId	8	static
../Middlewares/Third_Party/winc1500_19.6.1/driver/source/m2m_wifi.c:1549:8:m2m_wifi_get_firmware_version	24	static
../Middlewares/Third_Party/winc1500_19.6.1/driver/source/m2m_wifi.c:1561:8:m2m_wifi_start_provision_mode	176	static
../Middlewares/Third_Party/winc1500_19.6.1/driver/source/m2m_wifi.c:1574:8:m2m_wifi_start_provision_mode_ext	280	static
../Middlewares/Third_Party/winc1500_19.6.1/driver/source/m2m_wifi.c:1608:8:m2m_wifi_stop_provision_mode	24	static
../Middlewares/Third_Party/winc1500_19.6.1/driver/source/m2m_wifi.c:1613:8:m2m_wifi_get_connection_info	24	static
../Middlewares/Third_Party/winc1500_19.6.1/driver/source/m2m_wifi.c:1618:8:m2m_wifi_set_system_time	32	static
../Middlewares/Third_Party/winc1500_19.6.1/driver/source/m2m_wifi.c:1633:8:m2m_wifi_get_system_time	24	static
../Middlewares/Third_Party/winc1500_19.6.1/driver/source/m2m_wifi.c:1638:8:m2m_wifi_enable_sntp	40	static
../Middlewares/Third_Party/winc1500_19.6.1/driver/source/m2m_wifi.c:1656:8:m2m_wifi_set_power_profile	40	static
../Middlewares/Third_Party/winc1500_19.6.1/driver/source/m2m_wifi.c:1674:8:m2m_wifi_set_tx_power	40	static
../Middlewares/Third_Party/winc1500_19.6.1/driver/source/m2m_wifi.c:1693:8:m2m_wifi_set_gain_table_idx	40	static
../Middlewares/Third_Party/winc1500_19.6.1/driver/source/m2m_wifi.c:1713:8:m2m_wifi_enable_firmware_logs	40	static
../Middlewares/Third_Party/winc1500_19.6.1/driver/source/m2m_wifi.c:1733:8:m2m_wifi_set_battery_voltage	40	static
../Middlewares/Third_Party/winc1500_19.6.1/driver/source/m2m_wifi.c:1750:8:m2m_wifi_prng_get_random_bytes	48	static
../Middlewares/Third_Party/winc1500_19.6.1/driver/source/m2m_wifi.c:1784:8:m2m_wifi_conf_auto_rate	40	static
../Middlewares/Third_Party/winc1500_19.6.1/driver/source/m2m_wifi.c:1808:8:m2m_wifi_enable_mac_mcast	48	static
../Middlewares/Third_Party/winc1500_19.6.1/driver/source/m2m_wifi.c:1840:9:m2m_wifi_set_receive_buffer	24	static
../Middlewares/Third_Party/winc1500_19.6.1/driver/source/m2m_wifi.c:1856:8:m2m_wifi_reinit	24	static
../Middlewares/Third_Party/winc1500_19.6.1/driver/source/m2m_wifi.c:1865:8:m2m_wifi_reinit_hold	8	static
../Middlewares/Third_Party/winc1500_19.6.1/driver/source/m2m_wifi.c:1871:8:m2m_wifi_reinit_start	16	static
../Middlewares/Third_Party/winc1500_19.6.1/driver/source/m2m_wifi.c:1876:9:m2m_wifi_get_state	4	static
../Middlewares/Third_Party/winc1500_19.6.1/driver/source/m2m_wifi.c:1881:8:m2m_wifi_enable_roaming	40	static
../Middlewares/Third_Party/winc1500_19.6.1/driver/source/m2m_wifi.c:1897:8:m2m_wifi_disable_roaming	32	static
