../Middlewares/Third_Party/winc1500_19.6.1/driver/source/m2m_ssl.c:69:13:m2m_ssl_cb	152	static
../Middlewares/Third_Party/winc1500_19.6.1/driver/source/m2m_ssl.c:168:8:m2m_ssl_handshake_rsp	48	static
../Middlewares/Third_Party/winc1500_19.6.1/driver/source/m2m_ssl.c:186:8:m2m_ssl_send_certs_to_winc	64	static
../Middlewares/Third_Party/winc1500_19.6.1/driver/source/m2m_ssl.c:260:8:m2m_ssl_retrieve_cert	32	static
../Middlewares/Third_Party/winc1500_19.6.1/driver/source/m2m_ssl.c:314:8:m2m_ssl_retrieve_hash	24	static
../Middlewares/Third_Party/winc1500_19.6.1/driver/source/m2m_ssl.c:338:6:m2m_ssl_stop_processing_certs	8	static
../Middlewares/Third_Party/winc1500_19.6.1/driver/source/m2m_ssl.c:347:6:m2m_ssl_ecc_process_done	4	static
../Middlewares/Third_Party/winc1500_19.6.1/driver/source/m2m_ssl.c:372:8:m2m_ssl_set_active_ciphersuites	40	static
../Middlewares/Third_Party/winc1500_19.6.1/driver/source/m2m_ssl.c:390:8:m2m_ssl_init	24	static
