../Middlewares/Third_Party/winc1500_19.6.1/driver/source/nmasic.c:58:8:chip_apply_conf	32	static
../Middlewares/Third_Party/winc1500_19.6.1/driver/source/nmasic.c:101:6:chip_idle	16	static
../Middlewares/Third_Party/winc1500_19.6.1/driver/source/nmasic.c:112:8:enable_interrupts	16	static
../Middlewares/Third_Party/winc1500_19.6.1/driver/source/nmasic.c:139:8:cpu_start	16	static
../Middlewares/Third_Party/winc1500_19.6.1/driver/source/nmasic.c:166:10:nmi_get_chipid	16	static
../Middlewares/Third_Party/winc1500_19.6.1/driver/source/nmasic.c:226:10:nmi_get_rfrevid	16	static
../Middlewares/Third_Party/winc1500_19.6.1/driver/source/nmasic.c:236:6:restore_pmu_settings_after_global_reset	8	static
../Middlewares/Third_Party/winc1500_19.6.1/driver/source/nmasic.c:248:6:nmi_update_pll	16	static
../Middlewares/Third_Party/winc1500_19.6.1/driver/source/nmasic.c:259:6:nmi_set_sys_clk_src_to_xo	16	static
../Middlewares/Third_Party/winc1500_19.6.1/driver/source/nmasic.c:271:8:chip_sleep	16	static
../Middlewares/Third_Party/winc1500_19.6.1/driver/source/nmasic.c:305:8:chip_wake	24	static
../Middlewares/Third_Party/winc1500_19.6.1/driver/source/nmasic.c:355:8:cpu_halt	16	static
../Middlewares/Third_Party/winc1500_19.6.1/driver/source/nmasic.c:371:8:chip_reset	16	static
../Middlewares/Third_Party/winc1500_19.6.1/driver/source/nmasic.c:380:8:wait_for_bootrom	40	static
../Middlewares/Third_Party/winc1500_19.6.1/driver/source/nmasic.c:451:8:wait_for_firmware_start	40	static
../Middlewares/Third_Party/winc1500_19.6.1/driver/source/nmasic.c:487:8:chip_deinit	16	static
../Middlewares/Third_Party/winc1500_19.6.1/driver/source/nmasic.c:511:8:set_gpio_dir	24	static
../Middlewares/Third_Party/winc1500_19.6.1/driver/source/nmasic.c:530:8:set_gpio_val	24	static
../Middlewares/Third_Party/winc1500_19.6.1/driver/source/nmasic.c:550:8:get_gpio_val	24	static
../Middlewares/Third_Party/winc1500_19.6.1/driver/source/nmasic.c:564:8:pullup_ctrl	24	static
../Middlewares/Third_Party/winc1500_19.6.1/driver/source/nmasic.c:587:8:nmi_get_otp_mac_address	40	static
../Middlewares/Third_Party/winc1500_19.6.1/driver/source/nmasic.c:619:8:nmi_get_mac_address	40	static
