../Middlewares/Third_Party/winc1500_19.6.1/driver/source/nmbus.c:64:15:nm_bus_init	16	static
../Middlewares/Third_Party/winc1500_19.6.1/driver/source/nmbus.c:75:15:nm_bus_deinit	4	static
../Middlewares/Third_Party/winc1500_19.6.1/driver/source/nmbus.c:88:8:nm_bus_iface_init	24	static
../Middlewares/Third_Party/winc1500_19.6.1/driver/source/nmbus.c:103:8:nm_bus_iface_deinit	16	static
../Middlewares/Third_Party/winc1500_19.6.1/driver/source/nmbus.c:117:8:nm_bus_reset	8	static
../Middlewares/Third_Party/winc1500_19.6.1/driver/source/nmbus.c:130:8:nm_bus_iface_reconfigure	16	static
../Middlewares/Third_Party/winc1500_19.6.1/driver/source/nmbus.c:145:10:nm_read_reg	16	static
../Middlewares/Third_Party/winc1500_19.6.1/driver/source/nmbus.c:162:8:nm_read_reg_with_ret	16	static
../Middlewares/Third_Party/winc1500_19.6.1/driver/source/nmbus.c:179:8:nm_write_reg	16	static
../Middlewares/Third_Party/winc1500_19.6.1/driver/source/nmbus.c:184:15:p_nm_read_block	24	static
../Middlewares/Third_Party/winc1500_19.6.1/driver/source/nmbus.c:202:8:nm_read_block	32	static
../Middlewares/Third_Party/winc1500_19.6.1/driver/source/nmbus.c:228:15:p_nm_write_block	24	static
../Middlewares/Third_Party/winc1500_19.6.1/driver/source/nmbus.c:246:8:nm_write_block	32	static
