../Core/Src/shell/ssh_server_utils.c:19:5:load_key	24	static
../Core/Src/shell/ssh_server_utils.c:34:20:c32toa	16	static
../Core/Src/shell/ssh_server_utils.c:43:8:new_password_map	144	static
../Core/Src/shell/ssh_server_utils.c:74:6:delete_password_map	24	static
../Core/Src/shell/ssh_server_utils.c:91:5:load_password_buffer	56	static
../Core/Src/shell/ssh_server_utils.c:135:5:load_public_key_buffer	360	static
../Core/Src/shell/ssh_server_utils.c:199:5:auth_user	184	static
../Core/Src/shell/ssh_server_utils.c:271:6:find_char	32	static
../Core/Src/shell/ssh_server_utils.c:291:5:dump_stats	1088	static
../Core/Src/shell/ssh_server_utils.c:310:5:recv_callback	32	static
../Core/Src/shell/ssh_server_utils.c:346:5:send_callback	32	static
../Core/Src/shell/ssh_server_utils.c:362:12:ExtractFileName	48	static
../Core/Src/shell/ssh_server_utils.c:394:6:ssh_scp_init	16	static
../Core/Src/shell/ssh_server_utils.c:402:5:scp_send_callback	32	static
../Core/Src/shell/ssh_server_utils.c:476:5:scp_recv_callback	304	static
