../Core/Src/main.c:121:6:HAL_GPIO_EXTI_Callback	16	static
../Core/Src/main.c:139:5:main	8	static
../Core/Src/main.c:235:6:SystemClock_Config	96	static
../Core/Src/main.c:284:13:MX_ADC1_Init	24	static
../Core/Src/main.c:336:13:MX_I2C1_Init	8	static
../Core/Src/main.c:370:13:MX_I2C2_Init	8	static
../Core/Src/main.c:404:13:MX_I2C3_Init	8	static
../Core/Src/main.c:438:13:MX_RNG_Init	8	static
../Core/Src/main.c:464:13:MX_RTC_Init	8	static
../Core/Src/main.c:499:13:MX_SPI1_Init	8	static
../Core/Src/main.c:537:13:MX_SPI2_Init	8	static
../Core/Src/main.c:575:13:MX_SPI3_Init	8	static
../Core/Src/main.c:613:13:MX_TIM6_Init	16	static
../Core/Src/main.c:651:13:MX_TIM7_Init	16	static
../Core/Src/main.c:689:13:MX_UART4_Init	8	static
../Core/Src/main.c:722:13:MX_USB_OTG_FS_PCD_Init	8	static
../Core/Src/main.c:756:13:MX_GPIO_Init	48	static
../Core/Src/main.c:904:6:StartMainTask	16	static
../Core/Src/main.c:924:6:StartWifiTask	16	static
../Core/Src/main.c:944:6:StartLoraTask	16	static
../Core/Src/main.c:965:6:HAL_TIM_PeriodElapsedCallback	16	static
../Core/Src/main.c:982:6:Error_Handler	8	static
