../Core/Src/wolfssl_tests.c:337:15:gettime_secs	16	static
../Core/Src/wolfssl_tests.c:342:13:PrintTlsStats	152	static
../Core/Src/wolfssl_tests.c:465:13:ShowPeer	40	static
../Core/Src/wolfssl_tests.c:514:12:ServerMemSend	24	static
../Core/Src/wolfssl_tests.c:555:12:ServerMemRecv	24	static
../Core/Src/wolfssl_tests.c:609:12:ClientMemSend	24	static
../Core/Src/wolfssl_tests.c:651:12:ClientMemRecv	24	static
../Core/Src/wolfssl_tests.c:703:12:ServerSend	32	static
../Core/Src/wolfssl_tests.c:710:12:ServerRecv	32	static
../Core/Src/wolfssl_tests.c:717:12:ClientSend	32	static
../Core/Src/wolfssl_tests.c:723:12:ClientRecv	32	static
../Core/Src/wolfssl_tests.c:731:12:bench_tls_client	80	static
../Core/Src/wolfssl_tests.c:976:13:client_thread	24	static
../Core/Src/wolfssl_tests.c:1010:12:bench_tls_server	72	static
../Core/Src/wolfssl_tests.c:1251:13:server_thread	24	static
../Core/Src/wolfssl_tests.c:1298:5:bench_tls	96	static
../Core/Src/wolfssl_tests.c:1474:13:ShowCiphers	16	static
../Core/Src/wolfssl_tests.c:1488:13:PrintMemStats	4	static
../Core/Src/wolfssl_tests.c:1528:6:HAL_UARTEx_RxEventCallback	16	static
../Core/Src/wolfssl_tests.c:1534:12:uartIORx	32	static
../Core/Src/wolfssl_tests.c:1591:12:uartIOTx	32	static
../Core/Src/wolfssl_tests.c:1613:13:uartReset	8	static
../Core/Src/wolfssl_tests.c:1620:12:tls13_uart_server	128	static
../Core/Src/wolfssl_tests.c:1719:12:tls13_uart_client	160	static
../Core/Src/wolfssl_tests.c:1820:8:current_time	40	static
../Core/Src/wolfssl_tests.c:1843:6:wolfSSLTest	32	static
