../Core/Src/bsp/nfc.c:21:16:IOInit	4	static
../Core/Src/bsp/nfc.c:26:16:IODeInit	4	static
../Core/Src/bsp/nfc.c:30:17:IOGetTick	8	static
../Core/Src/bsp/nfc.c:34:16:IOIsReady	16	static
../Core/Src/bsp/nfc.c:40:16:IOWrite	40	static
../Core/Src/bsp/nfc.c:46:16:IORead	40	static
../Core/Src/bsp/nfc.c:53:6:NFC_Init	32	static
../Core/Src/bsp/nfc.c:73:6:NFC_EnableMailbox	16	static
../Core/Src/bsp/nfc.c:80:6:NFC_ReadUID	48	static
../Core/Src/bsp/nfc.c:88:6:NFC_ReadMemorySize	24	static
../Core/Src/bsp/nfc.c:96:6:NFC_ReadMemory	24	static
../Core/Src/bsp/nfc.c:102:6:NFC_WriteMemory	24	static
../Core/Src/bsp/nfc.c:108:6:NFC_ReadMailbox	16	static
../Core/Src/bsp/nfc.c:116:6:NFC_WriteMailbox	16	static
../Core/Src/bsp/nfc.c:122:6:NFC_ReadRFSecurityZoneStatus	24	static
../Core/Src/bsp/nfc.c:130:6:NFC_WriteRFSecurityZoneStatus	32	static
../Core/Src/bsp/nfc.c:145:6:NFC_CheckMessageReady	4	static
../Core/Src/bsp/nfc.c:151:6:NFC_CheckInField	4	static
../Core/Src/bsp/nfc.c:157:6:NFC_InterfaceISR	16	static
