../Core/Src/bsp/sx1272.c:18:6:SX1272_Init	8	static
../Core/Src/bsp/sx1272.c:40:6:SX1272_SetDIO	16	static
../Core/Src/bsp/sx1272.c:54:6:SX1272_SetCodingRate	24	static
../Core/Src/bsp/sx1272.c:93:12:SX1272_GetCodingRate	16	static
../Core/Src/bsp/sx1272.c:130:6:SX1272_SetSpreadingFactor	24	static
../Core/Src/bsp/sx1272.c:185:17:SX1272_GetSpreadingFactor	16	static
../Core/Src/bsp/sx1272.c:237:6:SX1272_SetBandwidth	24	static
../Core/Src/bsp/sx1272.c:271:11:SX1272_GetBandwidth	16	static
../Core/Src/bsp/sx1272.c:304:6:SX1272_SetPower	24	static
../Core/Src/bsp/sx1272.c:327:10:SX1272_GetPower	16	static
../Core/Src/bsp/sx1272.c:345:6:SX1272_SetFrequency	24	static
../Core/Src/bsp/sx1272.c:361:10:SX1272_GetFrequency	16	static
../Core/Src/bsp/sx1272.c:379:6:SX1272_SetChannel	24	static
../Core/Src/bsp/sx1272.c:403:9:SX1272_GetChannel	16	static
../Core/Src/bsp/sx1272.c:419:6:SX1272_SetCRCOn	24	static
../Core/Src/bsp/sx1272.c:434:6:SX1272_GetCRCOn	16	static
../Core/Src/bsp/sx1272.c:446:6:SX1272_SetExplicitHeaderMode	24	static
../Core/Src/bsp/sx1272.c:461:6:SX1272_GetExplicitHeaderMode	16	static
../Core/Src/bsp/sx1272.c:473:6:SX1272_SetLowDataRateOptimise	24	static
../Core/Src/bsp/sx1272.c:488:6:SX1272_GetLowDataRateOptimise	16	static
../Core/Src/bsp/sx1272.c:500:6:SX1272_SetMode	16	static
../Core/Src/bsp/sx1272.c:512:8:SX1272_GetTemperature	16	static
../Core/Src/bsp/sx1272.c:531:6:SX1272_SetCWMode	16	static
../Core/Src/bsp/sx1272.c:562:6:SX1272_GetCWMode	16	static
../Core/Src/bsp/sx1272.c:576:9:SX1272_GetVersion	8	static
../Core/Src/bsp/sx1272.c:586:8:SX1272_GetPacketSNR	16	static
../Core/Src/bsp/sx1272.c:600:9:SX1272_GetDebug	4	static
../Core/Src/bsp/sx1272.c:606:9:SX1272_GetPacketRSSI	16	static
../Core/Src/bsp/sx1272.c:621:9:SX1272_GetCurrentRSSI	4	static
../Core/Src/bsp/sx1272.c:627:6:SX1272_IsChannelFree	16	static
../Core/Src/bsp/sx1272.c:665:6:SX1272_SetInvertIQ	24	static
../Core/Src/bsp/sx1272.c:690:6:SX1272_GetInvertIQ	16	static
../Core/Src/bsp/sx1272.c:704:6:SX1272_SetSyncWord	24	static
../Core/Src/bsp/sx1272.c:716:9:SX1272_GetSyncWord	16	static
../Core/Src/bsp/sx1272.c:730:6:SX1272_Transmit	32	static
../Core/Src/bsp/sx1272.c:777:12:SX1272_Receive	64	static
../Core/Src/bsp/sx1272.c:882:6:SX1272_ReceiveAsyncStart	16	static
../Core/Src/bsp/sx1272.c:905:12:SX1272_ReceiveAsyncPoll	48	static
../Core/Src/bsp/sx1272.c:971:9:SX1272_GetFrequencyError	16	static
../Core/Src/bsp/sx1272.c:992:10:SX1272_GetTimeOnAir	88	static
../Core/Src/bsp/sx1272.c:1019:9:SX1272_ReadRegister	32	static
../Core/Src/bsp/sx1272.c:1037:6:SX1272_WriteRegister	32	static
../Core/Src/bsp/sx1272.c:1053:6:SX1272_Delay	16	static
../Core/Src/bsp/sx1272.c:1059:10:SX1272_GetTick	8	static
../Core/Src/bsp/sx1272.c:1065:6:SX1272_HAL_Init	8	static
../Core/Src/bsp/sx1272.c:1072:6:SX1272_FlashRX	8	static
../Core/Src/bsp/sx1272.c:1080:6:SX1272_FlashTX	8	static
