../Middlewares/Third_Party/wolfSSL_wolfSSL_wolfSSL/wolfssl/wolfcrypt/src/misc.c:375:31:ForceZero	24	static
../Middlewares/Third_Party/wolfSSL_wolfSSL_wolfSSL/wolfssl/wolfcrypt/src/misc.c:427:37:min	16	static
../Middlewares/Third_Party/wolfSSL_wolfSSL_wolfSSL/wolfssl/wolfcrypt/src/misc.c:446:31:c32to24	16	static
../Middlewares/Third_Party/wolfSSL_wolfSSL_wolfSSL/wolfssl/wolfcrypt/src/misc.c:908:33:MakeWordFromHash	16	static
../Middlewares/Third_Party/wolfSSL_wolfSSL_wolfSSL/wolfssl/src/ssl_certman.c:45:34:cm_pick_method	8	static
../Middlewares/Third_Party/wolfSSL_wolfSSL_wolfSSL/wolfssl/src/ssl_certman.c:86:23:wolfSSL_CertManagerNew_ex	24	static
../Middlewares/Third_Party/wolfSSL_wolfSSL_wolfSSL/wolfssl/src/ssl_certman.c:159:23:wolfSSL_CertManagerNew	8	static
../Middlewares/Third_Party/wolfSSL_wolfSSL_wolfSSL/wolfssl/src/ssl_certman.c:169:6:wolfSSL_CertManagerFree	24	static
../Middlewares/Third_Party/wolfSSL_wolfSSL_wolfSSL/wolfssl/src/ssl_certman.c:237:5:wolfSSL_CertManager_up_ref	24	static
../Middlewares/Third_Party/wolfSSL_wolfSSL_wolfSSL/wolfssl/src/ssl_certman.c:424:5:wolfSSL_CertManagerUnloadCAs	24	static
../Middlewares/Third_Party/wolfSSL_wolfSSL_wolfSSL/wolfssl/src/ssl_certman.c:502:5:wolfSSL_CertManagerLoadCABuffer_ex	40	static
../Middlewares/Third_Party/wolfSSL_wolfSSL_wolfSSL/wolfssl/src/ssl_certman.c:556:5:wolfSSL_CertManagerLoadCABuffer	32	static
../Middlewares/Third_Party/wolfSSL_wolfSSL_wolfSSL/wolfssl/src/ssl_certman.c:569:6:wolfSSL_CertManagerSetVerify	16	static
../Middlewares/Third_Party/wolfSSL_wolfSSL_wolfSSL/wolfssl/src/ssl_certman.c:594:5:CM_VerifyBuffer_ex	72	static
../Middlewares/Third_Party/wolfSSL_wolfSSL_wolfSSL/wolfssl/src/ssl_certman.c:735:5:wolfSSL_CertManagerVerifyBuffer	40	static
../Middlewares/Third_Party/wolfSSL_wolfSSL_wolfSSL/wolfssl/src/ssl_certman.c:1558:5:wolfSSL_CertManagerEnableCRL	24	static
../Middlewares/Third_Party/wolfSSL_wolfSSL_wolfSSL/wolfssl/src/ssl_certman.c:1640:5:wolfSSL_CertManagerDisableCRL	24	static
../Middlewares/Third_Party/wolfSSL_wolfSSL_wolfSSL/wolfssl/src/ssl_certman.c:1934:5:wolfSSL_CertManagerEnableOCSP	24	static
../Middlewares/Third_Party/wolfSSL_wolfSSL_wolfSSL/wolfssl/src/ssl_certman.c:2009:5:wolfSSL_CertManagerDisableOCSP	24	static
../Middlewares/Third_Party/wolfSSL_wolfSSL_wolfSSL/wolfssl/src/ssl_certman.c:2039:5:wolfSSL_CertManagerEnableOCSPStapling	24	static
../Middlewares/Third_Party/wolfSSL_wolfSSL_wolfSSL/wolfssl/src/ssl_certman.c:2107:5:wolfSSL_CertManagerDisableOCSPStapling	24	static
../Middlewares/Third_Party/wolfSSL_wolfSSL_wolfSSL/wolfssl/src/ssl_certman.c:2137:5:wolfSSL_CertManagerEnableOCSPMustStaple	24	static
../Middlewares/Third_Party/wolfSSL_wolfSSL_wolfSSL/wolfssl/src/ssl_certman.c:2169:5:wolfSSL_CertManagerDisableOCSPMustStaple	24	static
../Middlewares/Third_Party/wolfSSL_wolfSSL_wolfSSL/wolfssl/src/ssl.c:319:9:wolfssl_get_global_rng	16	static
../Middlewares/Third_Party/wolfSSL_wolfSSL_wolfSSL/wolfssl/src/ssl.c:336:9:wolfssl_make_global_rng	16	static
../Middlewares/Third_Party/wolfSSL_wolfSSL_wolfSSL/wolfssl/src/ssl.c:371:9:wolfssl_make_rng	24	static
../Middlewares/Third_Party/wolfSSL_wolfSSL_wolfSSL/wolfssl/src/ssl.c:1280:14:wolfSSL_CTX_new_ex	32	static
../Middlewares/Third_Party/wolfSSL_wolfSSL_wolfSSL/wolfssl/src/ssl.c:1359:14:wolfSSL_CTX_new	16	static
../Middlewares/Third_Party/wolfSSL_wolfSSL_wolfSSL/wolfssl/src/ssl.c:1370:5:wolfSSL_CTX_up_ref	24	static
../Middlewares/Third_Party/wolfSSL_wolfSSL_wolfSSL/wolfssl/src/ssl.c:1383:6:wolfSSL_CTX_free	16	static
../Middlewares/Third_Party/wolfSSL_wolfSSL_wolfSSL/wolfssl/src/ssl.c:1415:5:wolfSSL_CTX_AllowEncryptThenMac	16	static
../Middlewares/Third_Party/wolfSSL_wolfSSL_wolfSSL/wolfssl/src/ssl.c:1429:5:wolfSSL_AllowEncryptThenMac	16	static
../Middlewares/Third_Party/wolfSSL_wolfSSL_wolfSSL/wolfssl/src/ssl.c:1470:10:wolfSSL_new	24	static
../Middlewares/Third_Party/wolfSSL_wolfSSL_wolfSSL/wolfssl/src/ssl.c:1495:6:wolfSSL_free	16	static
../Middlewares/Third_Party/wolfSSL_wolfSSL_wolfSSL/wolfssl/src/ssl.c:1504:5:wolfSSL_is_server	16	static
../Middlewares/Third_Party/wolfSSL_wolfSSL_wolfSSL/wolfssl/src/ssl.c:1689:5:wolfSSL_use_old_poly	16	static
../Middlewares/Third_Party/wolfSSL_wolfSSL_wolfSSL/wolfssl/src/ssl.c:1707:5:wolfSSL_set_fd	24	static
../Middlewares/Third_Party/wolfSSL_wolfSSL_wolfSSL/wolfssl/src/ssl.c:1745:5:wolfSSL_set_read_fd	16	static
../Middlewares/Third_Party/wolfSSL_wolfSSL_wolfSSL/wolfssl/src/ssl.c:1769:5:wolfSSL_set_write_fd	16	static
../Middlewares/Third_Party/wolfSSL_wolfSSL_wolfSSL/wolfssl/src/ssl.c:1796:7:wolfSSL_get_cipher_list	24	static
../Middlewares/Third_Party/wolfSSL_wolfSSL_wolfSSL/wolfssl/src/ssl.c:1811:7:wolfSSL_get_cipher_list_ex	24	static
../Middlewares/Third_Party/wolfSSL_wolfSSL_wolfSSL/wolfssl/src/ssl.c:1835:5:wolfSSL_get_ciphers	32	static
../Middlewares/Third_Party/wolfSSL_wolfSSL_wolfSSL/wolfssl/src/ssl.c:1867:5:wolfSSL_get_ciphers_iana	32	static
../Middlewares/Third_Party/wolfSSL_wolfSSL_wolfSSL/wolfssl/src/ssl.c:1902:13:wolfSSL_get_shared_ciphers	40	static
../Middlewares/Third_Party/wolfSSL_wolfSSL_wolfSSL/wolfssl/src/ssl.c:1915:5:wolfSSL_get_fd	24	static
../Middlewares/Third_Party/wolfSSL_wolfSSL_wolfSSL/wolfssl/src/ssl.c:1927:5:wolfSSL_dtls	24	static
../Middlewares/Third_Party/wolfSSL_wolfSSL_wolfSSL/wolfssl/src/ssl.c:1944:5:wolfSSL_CTX_mutual_auth	16	static
../Middlewares/Third_Party/wolfSSL_wolfSSL_wolfSSL/wolfssl/src/ssl.c:1964:5:wolfSSL_mutual_auth	16	static
../Middlewares/Third_Party/wolfSSL_wolfSSL_wolfSSL/wolfssl/src/ssl.c:2058:5:wolfSSL_dtls_set_peer	24	static
../Middlewares/Third_Party/wolfSSL_wolfSSL_wolfSSL/wolfssl/src/ssl.c:2098:5:wolfSSL_dtls_get_peer	24	static
../Middlewares/Third_Party/wolfSSL_wolfSSL_wolfSSL/wolfssl/src/ssl.c:2611:5:wolfSSL_negotiate	24	static
../Middlewares/Third_Party/wolfSSL_wolfSSL_wolfSSL/wolfssl/src/ssl.c:2651:9:wolfSSL_GetRNG	16	static
../Middlewares/Third_Party/wolfSSL_wolfSSL_wolfSSL/wolfssl/src/ssl.c:2663:5:wolfSSL_GetObjectSize	4	static
../Middlewares/Third_Party/wolfSSL_wolfSSL_wolfSSL/wolfssl/src/ssl.c:2723:5:wolfSSL_CTX_GetObjectSize	4	static
../Middlewares/Third_Party/wolfSSL_wolfSSL_wolfSSL/wolfssl/src/ssl.c:2728:5:wolfSSL_METHOD_GetObjectSize	4	static
../Middlewares/Third_Party/wolfSSL_wolfSSL_wolfSSL/wolfssl/src/ssl.c:2855:5:wolfSSL_GetMaxOutputSize	16	static
../Middlewares/Third_Party/wolfSSL_wolfSSL_wolfSSL/wolfssl/src/ssl.c:2872:5:wolfSSL_GetOutputSize	48	static
../Middlewares/Third_Party/wolfSSL_wolfSSL_wolfSSL/wolfssl/src/ssl.c:2892:5:wolfSSL_CTX_SetMinEccKey_Sz	16	static
../Middlewares/Third_Party/wolfSSL_wolfSSL_wolfSSL/wolfssl/src/ssl.c:2907:5:wolfSSL_SetMinEccKey_Sz	16	static
../Middlewares/Third_Party/wolfSSL_wolfSSL_wolfSSL/wolfssl/src/ssl.c:2921:5:wolfSSL_CTX_SetMinRsaKey_Sz	16	static
../Middlewares/Third_Party/wolfSSL_wolfSSL_wolfSSL/wolfssl/src/ssl.c:2934:5:wolfSSL_SetMinRsaKey_Sz	16	static
../Middlewares/Third_Party/wolfSSL_wolfSSL_wolfSSL/wolfssl/src/ssl.c:2991:5:wolfSSL_SetTmpDH	120	static
../Middlewares/Third_Party/wolfSSL_wolfSSL_wolfSSL/wolfssl/src/ssl.c:3083:5:wolfSSL_SetEnableDhKeyTest	16	static
../Middlewares/Third_Party/wolfSSL_wolfSSL_wolfSSL/wolfssl/src/ssl.c:3102:5:wolfSSL_CTX_SetTmpDH	80	static
../Middlewares/Third_Party/wolfSSL_wolfSSL_wolfSSL/wolfssl/src/ssl.c:3176:5:wolfSSL_CTX_SetMinDhKey_Sz	16	static
../Middlewares/Third_Party/wolfSSL_wolfSSL_wolfSSL/wolfssl/src/ssl.c:3186:5:wolfSSL_SetMinDhKey_Sz	16	static
../Middlewares/Third_Party/wolfSSL_wolfSSL_wolfSSL/wolfssl/src/ssl.c:3196:5:wolfSSL_CTX_SetMaxDhKey_Sz	16	static
../Middlewares/Third_Party/wolfSSL_wolfSSL_wolfSSL/wolfssl/src/ssl.c:3206:5:wolfSSL_SetMaxDhKey_Sz	16	static
../Middlewares/Third_Party/wolfSSL_wolfSSL_wolfSSL/wolfssl/src/ssl.c:3216:5:wolfSSL_GetDhKey_Sz	16	static
../Middlewares/Third_Party/wolfSSL_wolfSSL_wolfSSL/wolfssl/src/ssl.c:3228:5:wolfSSL_write	32	static
../Middlewares/Third_Party/wolfSSL_wolfSSL_wolfSSL/wolfssl/src/ssl.c:3308:12:wolfSSL_read_internal	32	static
../Middlewares/Third_Party/wolfSSL_wolfSSL_wolfSSL/wolfssl/src/ssl.c:3387:5:wolfSSL_peek	24	static
../Middlewares/Third_Party/wolfSSL_wolfSSL_wolfSSL/wolfssl/src/ssl.c:3396:5:wolfSSL_read	24	static
../Middlewares/Third_Party/wolfSSL_wolfSSL_wolfSSL/wolfssl/src/ssl.c:3435:5:wolfSSL_SetDevId	16	static
../Middlewares/Third_Party/wolfSSL_wolfSSL_wolfSSL/wolfssl/src/ssl.c:3446:5:wolfSSL_CTX_SetDevId	16	static
../Middlewares/Third_Party/wolfSSL_wolfSSL_wolfSSL/wolfssl/src/ssl.c:3458:5:wolfSSL_CTX_GetDevId	24	static
../Middlewares/Third_Party/wolfSSL_wolfSSL_wolfSSL/wolfssl/src/ssl.c:3467:7:wolfSSL_CTX_GetHeap	24	static
../Middlewares/Third_Party/wolfSSL_wolfSSL_wolfSSL/wolfssl/src/ssl.c:3702:12:isValidCurveGroup	16	static
../Middlewares/Third_Party/wolfSSL_wolfSSL_wolfSSL/wolfssl/src/ssl.c:3746:5:wolfSSL_UseSupportedCurve	16	static
../Middlewares/Third_Party/wolfSSL_wolfSSL_wolfSSL/wolfssl/src/ssl.c:3760:5:wolfSSL_CTX_UseSupportedCurve	16	static
../Middlewares/Third_Party/wolfSSL_wolfSSL_wolfSSL/wolfssl/src/ssl.c:4360:5:wolfSSL_CTX_DisableExtendedMasterSecret	16	static
../Middlewares/Third_Party/wolfSSL_wolfSSL_wolfSSL/wolfssl/src/ssl.c:4371:5:wolfSSL_DisableExtendedMasterSecret	16	static
../Middlewares/Third_Party/wolfSSL_wolfSSL_wolfSSL/wolfssl/src/ssl.c:4387:5:wolfSSL_send	32	static
../Middlewares/Third_Party/wolfSSL_wolfSSL_wolfSSL/wolfssl/src/ssl.c:4409:5:wolfSSL_recv	32	static
../Middlewares/Third_Party/wolfSSL_wolfSSL_wolfSSL/wolfssl/src/ssl.c:4434:5:wolfSSL_shutdown	24	static
../Middlewares/Third_Party/wolfSSL_wolfSSL_wolfSSL/wolfssl/src/ssl.c:4512:5:wolfSSL_state	16	static
../Middlewares/Third_Party/wolfSSL_wolfSSL_wolfSSL/wolfssl/src/ssl.c:4523:5:wolfSSL_get_error	16	static
../Middlewares/Third_Party/wolfSSL_wolfSSL_wolfSSL/wolfssl/src/ssl.c:4554:5:wolfSSL_get_alert_history	16	static
../Middlewares/Third_Party/wolfSSL_wolfSSL_wolfSSL/wolfssl/src/ssl.c:4578:5:wolfSSL_want_read	16	static
../Middlewares/Third_Party/wolfSSL_wolfSSL_wolfSSL/wolfssl/src/ssl.c:4589:5:wolfSSL_want_write	16	static
../Middlewares/Third_Party/wolfSSL_wolfSSL_wolfSSL/wolfssl/src/ssl.c:4599:7:wolfSSL_ERR_error_string	16	static
../Middlewares/Third_Party/wolfSSL_wolfSSL_wolfSSL/wolfssl/src/ssl.c:4614:6:wolfSSL_ERR_error_string_n	104	static
../Middlewares/Third_Party/wolfSSL_wolfSSL_wolfSSL/wolfssl/src/ssl.c:4632:6:wolfSSL_KeepArrays	16	static
../Middlewares/Third_Party/wolfSSL_wolfSSL_wolfSSL/wolfssl/src/ssl.c:4640:6:wolfSSL_FreeArrays	16	static
../Middlewares/Third_Party/wolfSSL_wolfSSL_wolfSSL/wolfssl/src/ssl.c:4654:5:wolfSSL_KeepHandshakeResources	16	static
../Middlewares/Third_Party/wolfSSL_wolfSSL_wolfSSL/wolfssl/src/ssl.c:4669:5:wolfSSL_FreeHandshakeResources	16	static
../Middlewares/Third_Party/wolfSSL_wolfSSL_wolfSSL/wolfssl/src/ssl.c:4684:5:wolfSSL_CTX_UseClientSuites	16	static
../Middlewares/Third_Party/wolfSSL_wolfSSL_wolfSSL/wolfssl/src/ssl.c:4699:5:wolfSSL_UseClientSuites	16	static
../Middlewares/Third_Party/wolfSSL_wolfSSL_wolfSSL/wolfssl/src/ssl.c:4760:13:wolfSSL_GetMacSecret	16	static
../Middlewares/Third_Party/wolfSSL_wolfSSL_wolfSSL/wolfssl/src/ssl.c:4779:5:wolfSSL_GetSide	16	static
../Middlewares/Third_Party/wolfSSL_wolfSSL_wolfSSL/wolfssl/src/ssl.c:5060:23:wolfSSL_CTX_GetCertManager	24	static
../Middlewares/Third_Party/wolfSSL_wolfSSL_wolfSSL/wolfssl/src/ssl.c:5101:5:wolfSSL_pending	16	static
../Middlewares/Third_Party/wolfSSL_wolfSSL_wolfSSL/wolfssl/src/ssl.c:5110:5:wolfSSL_has_pending	16	static
../Middlewares/Third_Party/wolfSSL_wolfSSL_wolfSSL/wolfssl/src/ssl.c:5121:5:wolfSSL_CTX_set_group_messages	16	static
../Middlewares/Third_Party/wolfSSL_wolfSSL_wolfSSL/wolfssl/src/ssl.c:5135:5:wolfSSL_connect_cert	24	static
../Middlewares/Third_Party/wolfSSL_wolfSSL_wolfSSL/wolfssl/src/ssl.c:5153:5:wolfSSL_set_group_messages	16	static
../Middlewares/Third_Party/wolfSSL_wolfSSL_wolfSSL/wolfssl/src/ssl.c:5165:12:SetMinVersionHelper	16	static
../Middlewares/Third_Party/wolfSSL_wolfSSL_wolfSSL/wolfssl/src/ssl.c:5227:5:wolfSSL_CTX_SetMinVersion	16	static
../Middlewares/Third_Party/wolfSSL_wolfSSL_wolfSSL/wolfssl/src/ssl.c:5241:5:wolfSSL_SetMinVersion	16	static
../Middlewares/Third_Party/wolfSSL_wolfSSL_wolfSSL/wolfssl/src/ssl.c:5255:5:wolfSSL_GetVersion	16	static
../Middlewares/Third_Party/wolfSSL_wolfSSL_wolfSSL/wolfssl/src/ssl.c:5280:5:wolfSSL_SetVersion	104	static
../Middlewares/Third_Party/wolfSSL_wolfSSL_wolfSSL/wolfssl/src/ssl.c:5354:25:HashSigner	16	static
../Middlewares/Third_Party/wolfSSL_wolfSSL_wolfSSL/wolfssl/src/ssl.c:5361:5:AlreadySigner	32	static
../Middlewares/Third_Party/wolfSSL_wolfSSL_wolfSSL/wolfssl/src/ssl.c:5502:9:GetCA	40	static
../Middlewares/Third_Party/wolfSSL_wolfSSL_wolfSSL/wolfssl/src/ssl.c:5579:9:GetCAByName	32	static
../Middlewares/Third_Party/wolfSSL_wolfSSL_wolfSSL/wolfssl/src/ssl.c:5727:5:AddCA	48	static
../Middlewares/Third_Party/wolfSSL_wolfSSL_wolfSSL/wolfssl/src/ssl.c:6179:5:wolfSSL_Init	16	static
../Middlewares/Third_Party/wolfSSL_wolfSSL_wolfSSL/wolfssl/src/ssl.c:6312:12:ProcessUserChain	96	static
../Middlewares/Third_Party/wolfSSL_wolfSSL_wolfSSL/wolfssl/src/ssl.c:6473:12:ProcessBufferTryDecodeRsa	32	static
../Middlewares/Third_Party/wolfSSL_wolfSSL_wolfSSL/wolfssl/src/ssl.c:6623:12:ProcessBufferTryDecodeEcc	40	static
../Middlewares/Third_Party/wolfSSL_wolfSSL_wolfSSL/wolfssl/src/ssl.c:7015:12:ProcessBufferTryDecode	56	static
../Middlewares/Third_Party/wolfSSL_wolfSSL_wolfSSL/wolfssl/src/ssl.c:7100:5:ProcessBuffer	176	static
../Middlewares/Third_Party/wolfSSL_wolfSSL_wolfSSL/wolfssl/src/ssl.c:7892:12:ProcessChainBuffer	64	static
../Middlewares/Third_Party/wolfSSL_wolfSSL_wolfSSL/wolfssl/src/ssl.c:8887:6:wolfSSL_CTX_set_verify_depth	16	static
../Middlewares/Third_Party/wolfSSL_wolfSSL_wolfSSL/wolfssl/src/ssl.c:8900:6:wolfSSL_get_verify_depth	16	static
../Middlewares/Third_Party/wolfSSL_wolfSSL_wolfSSL/wolfssl/src/ssl.c:8914:6:wolfSSL_CTX_get_verify_depth	16	static
../Middlewares/Third_Party/wolfSSL_wolfSSL_wolfSSL/wolfssl/src/ssl.c:9049:12:check_cert_key	48	static
../Middlewares/Third_Party/wolfSSL_wolfSSL_wolfSSL/wolfssl/src/ssl.c:9182:5:wolfSSL_CTX_check_private_key	32	static
../Middlewares/Third_Party/wolfSSL_wolfSSL_wolfSSL/wolfssl/src/ssl.c:10527:5:wolfSSL_use_certificate_ASN1	56	static
../Middlewares/Third_Party/wolfSSL_wolfSSL_wolfSSL/wolfssl/src/ssl.c:10622:5:wolfSSL_CTX_SetTmpEC_DHE_Sz	16	static
../Middlewares/Third_Party/wolfSSL_wolfSSL_wolfSSL/wolfssl/src/ssl.c:10656:5:wolfSSL_SetTmpEC_DHE_Sz	16	static
../Middlewares/Third_Party/wolfSSL_wolfSSL_wolfSSL/wolfssl/src/ssl.c:10757:25:ModeToVerifyOptions	24	static
../Middlewares/Third_Party/wolfSSL_wolfSSL_wolfSSL/wolfssl/src/ssl.c:10782:6:wolfSSL_CTX_set_verify	32	static
../Middlewares/Third_Party/wolfSSL_wolfSSL_wolfSSL/wolfssl/src/ssl.c:10817:6:wolfSSL_set_verify	32	static
../Middlewares/Third_Party/wolfSSL_wolfSSL_wolfSSL/wolfssl/src/ssl.c:10838:6:wolfSSL_set_verify_result	16	static
../Middlewares/Third_Party/wolfSSL_wolfSSL_wolfSSL/wolfssl/src/ssl.c:10893:6:wolfSSL_SetCertCbCtx	16	static
../Middlewares/Third_Party/wolfSSL_wolfSSL_wolfSSL/wolfssl/src/ssl.c:10902:6:wolfSSL_CTX_SetCertCbCtx	16	static
../Middlewares/Third_Party/wolfSSL_wolfSSL_wolfSSL/wolfssl/src/ssl.c:10911:6:wolfSSL_CTX_SetCACb	16	static
../Middlewares/Third_Party/wolfSSL_wolfSSL_wolfSSL/wolfssl/src/ssl.c:11480:6:wolfSSL_load_error_strings	4	static
../Middlewares/Third_Party/wolfSSL_wolfSSL_wolfSSL/wolfssl/src/ssl.c:11486:5:wolfSSL_library_init	8	static
../Middlewares/Third_Party/wolfSSL_wolfSSL_wolfSSL/wolfssl/src/ssl.c:11801:5:wolfSSL_CTX_set_cipher_list	16	static
../Middlewares/Third_Party/wolfSSL_wolfSSL_wolfSSL/wolfssl/src/ssl.c:11836:5:wolfSSL_set_cipher_list	16	static
../Middlewares/Third_Party/wolfSSL_wolfSSL_wolfSSL/wolfssl/src/ssl.c:11994:5:wolfSSL_dtls_get_using_nonblock	24	static
../Middlewares/Third_Party/wolfSSL_wolfSSL_wolfSSL/wolfssl/src/ssl.c:12017:6:wolfSSL_dtls_set_using_nonblock	16	static
../Middlewares/Third_Party/wolfSSL_wolfSSL_wolfSSL/wolfssl/src/ssl.c:12348:21:wolfSSLv23_client_method	8	static
../Middlewares/Third_Party/wolfSSL_wolfSSL_wolfSSL/wolfssl/src/ssl.c:12352:21:wolfSSLv23_client_method_ex	24	static
../Middlewares/Third_Party/wolfSSL_wolfSSL_wolfSSL/wolfssl/src/ssl.c:12382:9:wolfSSL_connect	32	static
../Middlewares/Third_Party/wolfSSL_wolfSSL_wolfSSL/wolfssl/src/ssl.c:12842:21:wolfSSLv23_server_method	8	static
../Middlewares/Third_Party/wolfSSL_wolfSSL_wolfSSL/wolfssl/src/ssl.c:12847:21:wolfSSLv23_server_method_ex	24	static
../Middlewares/Third_Party/wolfSSL_wolfSSL_wolfSSL/wolfssl/src/ssl.c:12880:9:wolfSSL_accept	32	static
../Middlewares/Third_Party/wolfSSL_wolfSSL_wolfSSL/wolfssl/src/ssl.c:13364:5:wolfSSL_SetHsDoneCb	24	static
../Middlewares/Third_Party/wolfSSL_wolfSSL_wolfSSL/wolfssl/src/ssl.c:13380:5:wolfSSL_Cleanup	16	static
../Middlewares/Third_Party/wolfSSL_wolfSSL_wolfSSL/wolfssl/src/ssl.c:13518:6:SetupSession	24	static
../Middlewares/Third_Party/wolfSSL_wolfSSL_wolfSSL/wolfssl/src/ssl.c:15202:18:ClientSessionToSession	16	static
../Middlewares/Third_Party/wolfSSL_wolfSSL_wolfSSL/wolfssl/src/ssl.c:15208:18:wolfSSL_GetSession	24	static
../Middlewares/Third_Party/wolfSSL_wolfSSL_wolfSSL/wolfssl/src/ssl.c:15224:5:wolfSSL_check_domain_name	24	static
../Middlewares/Third_Party/wolfSSL_wolfSSL_wolfSSL/wolfssl/src/ssl.c:15256:5:wolfSSL_set_compression	16	static
../Middlewares/Third_Party/wolfSSL_wolfSSL_wolfSSL/wolfssl/src/ssl.c:15705:9:wolfSSL_CTX_load_verify_buffer_ex	56	static
../Middlewares/Third_Party/wolfSSL_wolfSSL_wolfSSL/wolfssl/src/ssl.c:15735:9:wolfSSL_CTX_load_verify_buffer	32	static
../Middlewares/Third_Party/wolfSSL_wolfSSL_wolfSSL/wolfssl/src/ssl.c:15743:9:wolfSSL_CTX_load_verify_chain_buffer_format	32	static
../Middlewares/Third_Party/wolfSSL_wolfSSL_wolfSSL/wolfssl/src/ssl.c:15780:9:wolfSSL_CTX_use_certificate_buffer	56	static
../Middlewares/Third_Party/wolfSSL_wolfSSL_wolfSSL/wolfssl/src/ssl.c:15793:9:wolfSSL_CTX_use_PrivateKey_buffer	56	static
../Middlewares/Third_Party/wolfSSL_wolfSSL_wolfSSL/wolfssl/src/ssl.c:15861:9:wolfSSL_CTX_use_certificate_chain_buffer_format	48	static
../Middlewares/Third_Party/wolfSSL_wolfSSL_wolfSSL/wolfssl/src/ssl.c:15869:9:wolfSSL_CTX_use_certificate_chain_buffer	24	static
../Middlewares/Third_Party/wolfSSL_wolfSSL_wolfSSL/wolfssl/src/ssl.c:15880:16:wolfSSL_SetTmpDH_buffer_wrapper	64	static
../Middlewares/Third_Party/wolfSSL_wolfSSL_wolfSSL/wolfssl/src/ssl.c:15965:9:wolfSSL_SetTmpDH_buffer	32	static
../Middlewares/Third_Party/wolfSSL_wolfSSL_wolfSSL/wolfssl/src/ssl.c:15976:9:wolfSSL_CTX_SetTmpDH_buffer	32	static
../Middlewares/Third_Party/wolfSSL_wolfSSL_wolfSSL/wolfssl/src/ssl.c:15985:9:wolfSSL_use_certificate_buffer	48	static
../Middlewares/Third_Party/wolfSSL_wolfSSL_wolfSSL/wolfssl/src/ssl.c:15997:9:wolfSSL_use_PrivateKey_buffer	48	static
../Middlewares/Third_Party/wolfSSL_wolfSSL_wolfSSL/wolfssl/src/ssl.c:16067:9:wolfSSL_use_certificate_chain_buffer_format	48	static
../Middlewares/Third_Party/wolfSSL_wolfSSL_wolfSSL/wolfssl/src/ssl.c:16078:9:wolfSSL_use_certificate_chain_buffer	24	static
../Middlewares/Third_Party/wolfSSL_wolfSSL_wolfSSL/wolfssl/src/ssl.c:16088:9:wolfSSL_UnloadCertsKeys	16	static
../Middlewares/Third_Party/wolfSSL_wolfSSL_wolfSSL/wolfssl/src/ssl.c:16122:9:wolfSSL_CTX_UnloadCAs	16	static
../Middlewares/Third_Party/wolfSSL_wolfSSL_wolfSSL/wolfssl/src/ssl.c:16993:9:wolfSSL_is_init_finished	16	static
../Middlewares/Third_Party/wolfSSL_wolfSSL_wolfSSL/wolfssl/src/ssl.c:17029:10:wolfSSL_CTX_get_options	16	static
../Middlewares/Third_Party/wolfSSL_wolfSSL_wolfSSL/wolfssl/src/ssl.c:17041:10:wolfSSL_CTX_set_options	16	static
../Middlewares/Third_Party/wolfSSL_wolfSSL_wolfSSL/wolfssl/src/ssl.c:17067:10:wolfSSL_CTX_clear_options	16	static
../Middlewares/Third_Party/wolfSSL_wolfSSL_wolfSSL/wolfssl/src/ssl.c:19311:5:wolfSSL_get_shutdown	24	static
../Middlewares/Third_Party/wolfSSL_wolfSSL_wolfSSL/wolfssl/src/ssl.c:19343:5:wolfSSL_session_reused	24	static
../Middlewares/Third_Party/wolfSSL_wolfSSL_wolfSSL/wolfssl/src/ssl.c:19359:18:wolfSSL_NewSession	24	static
../Middlewares/Third_Party/wolfSSL_wolfSSL_wolfSSL/wolfssl/src/ssl.c:19408:18:wolfSSL_SESSION_new_ex	16	static
../Middlewares/Third_Party/wolfSSL_wolfSSL_wolfSSL/wolfssl/src/ssl.c:19413:18:wolfSSL_SESSION_new	8	static
../Middlewares/Third_Party/wolfSSL_wolfSSL_wolfSSL/wolfssl/src/ssl.c:19420:5:wolfSSL_SESSION_up_ref	24	static
../Middlewares/Third_Party/wolfSSL_wolfSSL_wolfSSL/wolfssl/src/ssl.c:19459:12:wolfSSL_DupSessionEx	32	static
../Middlewares/Third_Party/wolfSSL_wolfSSL_wolfSSL/wolfssl/src/ssl.c:19705:5:wolfSSL_DupSession	32	static
../Middlewares/Third_Party/wolfSSL_wolfSSL_wolfSSL/wolfssl/src/ssl.c:19711:18:wolfSSL_SESSION_dup	24	static
../Middlewares/Third_Party/wolfSSL_wolfSSL_wolfSSL/wolfssl/src/ssl.c:19737:6:wolfSSL_FreeSession	24	static
../Middlewares/Third_Party/wolfSSL_wolfSSL_wolfSSL/wolfssl/src/ssl.c:19807:6:wolfSSL_SESSION_free	16	static
../Middlewares/Third_Party/wolfSSL_wolfSSL_wolfSSL/wolfssl/src/ssl.c:19880:20:wolfSSL_internal_get_version	16	static
../Middlewares/Third_Party/wolfSSL_wolfSSL_wolfSSL/wolfssl/src/ssl.c:19922:13:wolfSSL_get_version	16	static
../Middlewares/Third_Party/wolfSSL_wolfSSL_wolfSSL/wolfssl/src/ssl.c:19934:13:wolfSSL_lib_version	4	static
../Middlewares/Third_Party/wolfSSL_wolfSSL_wolfSSL/wolfssl/src/ssl.c:19956:8:wolfSSL_lib_version_hex	4	static
../Middlewares/Third_Party/wolfSSL_wolfSSL_wolfSSL/wolfssl/src/ssl.c:19962:5:wolfSSL_get_current_cipher_suite	16	static
../Middlewares/Third_Party/wolfSSL_wolfSSL_wolfSSL/wolfssl/src/ssl.c:19970:17:wolfSSL_get_current_cipher	16	static
../Middlewares/Third_Party/wolfSSL_wolfSSL_wolfSSL/wolfssl/src/ssl.c:19986:13:wolfSSL_CIPHER_get_name	16	static
../Middlewares/Third_Party/wolfSSL_wolfSSL_wolfSSL/wolfssl/src/ssl.c:20003:14:wolfSSL_CIPHER_get_version	16	static
../Middlewares/Third_Party/wolfSSL_wolfSSL_wolfSSL/wolfssl/src/ssl.c:20014:13:wolfSSL_SESSION_CIPHER_get_name	16	static
../Middlewares/Third_Party/wolfSSL_wolfSSL_wolfSSL/wolfssl/src/ssl.c:20033:13:wolfSSL_get_cipher	16	static
../Middlewares/Third_Party/wolfSSL_wolfSSL_wolfSSL/wolfssl/src/ssl.c:20040:13:wolfSSL_get_cipher_name	16	static
../Middlewares/Third_Party/wolfSSL_wolfSSL_wolfSSL/wolfssl/src/ssl.c:20046:13:wolfSSL_get_cipher_name_from_suite	16	static
../Middlewares/Third_Party/wolfSSL_wolfSSL_wolfSSL/wolfssl/src/ssl.c:20052:13:wolfSSL_get_cipher_name_iana_from_suite	16	static
../Middlewares/Third_Party/wolfSSL_wolfSSL_wolfSSL/wolfssl/src/ssl.c:20058:5:wolfSSL_get_cipher_suite_from_name	24	static
../Middlewares/Third_Party/wolfSSL_wolfSSL_wolfSSL/wolfssl/src/ssl.c:20101:8:wolfSSL_CIPHER_get_id	24	static
../Middlewares/Third_Party/wolfSSL_wolfSSL_wolfSSL/wolfssl/src/ssl.c:20115:23:wolfSSL_get_cipher_by_value	24	static
../Middlewares/Third_Party/wolfSSL_wolfSSL_wolfSSL/wolfssl/src/ssl.c:20149:20:wolfssl_ffdhe_name	24	static
../Middlewares/Third_Party/wolfSSL_wolfSSL_wolfSSL/wolfssl/src/ssl.c:20179:13:wolfSSL_get_curve_name	24	static
../Middlewares/Third_Party/wolfSSL_wolfSSL_wolfSSL/wolfssl/src/ssl.c:21675:13:wolf_set_options	16	static
../Middlewares/Third_Party/wolfSSL_wolfSSL_wolfSSL/wolfssl/src/ssl.c:21729:6:wolfSSL_set_options	104	static
../Middlewares/Third_Party/wolfSSL_wolfSSL_wolfSSL/wolfssl/src/ssl.c:21803:6:wolfSSL_get_options	16	static
../Middlewares/Third_Party/wolfSSL_wolfSSL_wolfSSL/wolfssl/src/ssl.c:28200:5:wolfSSL_version	16	static
../Middlewares/Third_Party/wolfSSL_wolfSSL_wolfSSL/wolfssl/src/ssl.c:28234:14:wolfSSL_get_SSL_CTX	16	static
../Middlewares/Third_Party/wolfSSL_wolfSSL_wolfSSL/wolfssl/src/x509.c:13074:5:wolfSSL_X509_check_host	32	static
../Middlewares/Third_Party/wolfSSL_wolfSSL_wolfSSL/wolfssl/src/x509.c:13134:5:wolfSSL_X509_check_ip_asc	32	static
