../Middlewares/Third_Party/wolfSSL_wolfSSL_wolfSSL/wolfssl/wolfcrypt/src/misc.c:375:31:ForceZero	24	static
../Middlewares/Third_Party/wolfSSL_wolfSSL_wolfSSL/wolfssl/wolfcrypt/src/misc.c:454:31:c16toa	16	static
../Middlewares/Third_Party/wolfSSL_wolfSSL_wolfSSL/wolfssl/wolfcrypt/src/misc.c:461:31:c32toa	16	static
../Middlewares/Third_Party/wolfSSL_wolfSSL_wolfSSL/wolfssl/wolfcrypt/src/misc.c:487:31:ato16	16	static
../Middlewares/Third_Party/wolfSSL_wolfSSL_wolfSSL/wolfssl/wolfcrypt/src/misc.c:550:31:ctMaskGT	16	static
../Middlewares/Third_Party/wolfSSL_wolfSSL_wolfSSL/wolfssl/wolfcrypt/src/misc.c:568:31:ctMaskLT	16	static
../Middlewares/Third_Party/wolfSSL_wolfSSL_wolfSSL/wolfssl/wolfcrypt/src/misc.c:580:31:ctMaskEq	24	static
../Middlewares/Third_Party/wolfSSL_wolfSSL_wolfSSL/wolfssl/wolfcrypt/src/misc.c:622:31:ctMaskSel	16	static
../Middlewares/Third_Party/wolfSSL_wolfSSL_wolfSSL/wolfssl/wolfcrypt/src/misc.c:642:31:ctSetLTE	16	static
../Middlewares/Third_Party/wolfSSL_wolfSSL_wolfSSL/wolfssl/src/tls.c:126:5:BuildTlsHandshakeHash	32	static
../Middlewares/Third_Party/wolfSSL_wolfSSL_wolfSSL/wolfssl/src/tls.c:176:5:BuildTlsFinished	112	static
../Middlewares/Third_Party/wolfSSL_wolfSSL_wolfSSL/wolfssl/src/tls.c:275:17:MakeTLSv1_2	16	static
../Middlewares/Third_Party/wolfSSL_wolfSSL_wolfSSL/wolfssl/src/tls.c:291:17:MakeTLSv1_3	16	static
../Middlewares/Third_Party/wolfSSL_wolfSSL_wolfSSL/wolfssl/src/tls.c:310:12:_DeriveTlsKeys	128	static
../Middlewares/Third_Party/wolfSSL_wolfSSL_wolfSSL/wolfssl/src/tls.c:362:5:wolfSSL_DeriveTlsKeys	48	static
../Middlewares/Third_Party/wolfSSL_wolfSSL_wolfSSL/wolfssl/src/tls.c:372:5:DeriveTlsKeys	72	static
../Middlewares/Third_Party/wolfSSL_wolfSSL_wolfSSL/wolfssl/src/tls.c:413:12:_MakeTlsMasterSecret	128	static
../Middlewares/Third_Party/wolfSSL_wolfSSL_wolfSSL/wolfssl/src/tls.c:459:5:wolfSSL_MakeTlsMasterSecret	48	static
../Middlewares/Third_Party/wolfSSL_wolfSSL_wolfSSL/wolfssl/src/tls.c:471:12:_MakeTlsExtendedMasterSecret	64	static
../Middlewares/Third_Party/wolfSSL_wolfSSL_wolfSSL/wolfssl/src/tls.c:504:5:wolfSSL_MakeTlsExtendedMasterSecret	48	static
../Middlewares/Third_Party/wolfSSL_wolfSSL_wolfSSL/wolfssl/src/tls.c:516:5:MakeTlsMasterSecret	80	static
../Middlewares/Third_Party/wolfSSL_wolfSSL_wolfSSL/wolfssl/src/tls.c:634:5:wolfSSL_make_eap_keys	72	static
../Middlewares/Third_Party/wolfSSL_wolfSSL_wolfSSL/wolfssl/src/tls.c:682:5:wolfSSL_GetHmacType	16	static
../Middlewares/Third_Party/wolfSSL_wolfSSL_wolfSSL/wolfssl/src/tls.c:691:5:wolfSSL_SetTlsHmacInner	24	static
../Middlewares/Third_Party/wolfSSL_wolfSSL_wolfSSL/wolfssl/src/tls.c:720:12:Hmac_HashUpdate	32	static
../Middlewares/Third_Party/wolfSSL_wolfSSL_wolfSSL/wolfssl/src/tls.c:768:12:Hmac_HashFinalRaw	24	static
../Middlewares/Third_Party/wolfSSL_wolfSSL_wolfSSL/wolfssl/src/tls.c:816:12:Hmac_OuterHash	144	static
../Middlewares/Third_Party/wolfSSL_wolfSSL_wolfSSL/wolfssl/src/tls.c:851:12:Hmac_UpdateFinal_CT	176	static
../Middlewares/Third_Party/wolfSSL_wolfSSL_wolfSSL/wolfssl/src/tls.c:1141:5:TLS_hmac	352	static
../Middlewares/Third_Party/wolfSSL_wolfSSL_wolfSSL/wolfssl/src/tls.c:1233:5:wolfSSL_GetHmacType_ex	16	static
../Middlewares/Third_Party/wolfSSL_wolfSSL_wolfSSL/wolfssl/src/tls.c:1313:25:TLSX_ToSemaphore	16	static
../Middlewares/Third_Party/wolfSSL_wolfSSL_wolfSSL/wolfssl/src/tls.c:1356:14:TLSX_New	32	static
../Middlewares/Third_Party/wolfSSL_wolfSSL_wolfSSL/wolfssl/src/tls.c:1376:5:TLSX_Append	40	static
../Middlewares/Third_Party/wolfSSL_wolfSSL_wolfSSL/wolfssl/src/tls.c:1408:5:TLSX_Push	32	static
../Middlewares/Third_Party/wolfSSL_wolfSSL_wolfSSL/wolfssl/src/tls.c:1443:5:TLSX_CheckUnsupportedExtension	24	static
../Middlewares/Third_Party/wolfSSL_wolfSSL_wolfSSL/wolfssl/src/tls.c:1455:5:TLSX_HandleUnsupportedExtension	16	static
../Middlewares/Third_Party/wolfSSL_wolfSSL_wolfSSL/wolfssl/src/tls.c:1472:6:TLSX_SetResponse	24	static
../Middlewares/Third_Party/wolfSSL_wolfSSL_wolfSSL/wolfssl/src/tls.c:3946:12:TLSX_SupportedCurve_New	24	static
../Middlewares/Third_Party/wolfSSL_wolfSSL_wolfSSL/wolfssl/src/tls.c:3965:12:TLSX_PointFormat_New	24	static
../Middlewares/Third_Party/wolfSSL_wolfSSL_wolfSSL/wolfssl/src/tls.c:3983:13:TLSX_SupportedCurve_FreeAll	24	static
../Middlewares/Third_Party/wolfSSL_wolfSSL_wolfSSL/wolfssl/src/tls.c:3994:13:TLSX_PointFormat_FreeAll	24	static
../Middlewares/Third_Party/wolfSSL_wolfSSL_wolfSSL/wolfssl/src/tls.c:4005:12:TLSX_SupportedCurve_Append	32	static
../Middlewares/Third_Party/wolfSSL_wolfSSL_wolfSSL/wolfssl/src/tls.c:4027:12:TLSX_PointFormat_Append	32	static
../Middlewares/Third_Party/wolfSSL_wolfSSL_wolfSSL/wolfssl/src/tls.c:4052:13:TLSX_SupportedCurve_ValidateRequest	16	static
../Middlewares/Third_Party/wolfSSL_wolfSSL_wolfSSL/wolfssl/src/tls.c:4107:13:TLSX_PointFormat_ValidateRequest	16	static
../Middlewares/Third_Party/wolfSSL_wolfSSL_wolfSSL/wolfssl/src/tls.c:4155:13:TLSX_PointFormat_ValidateResponse	24	static
../Middlewares/Third_Party/wolfSSL_wolfSSL_wolfSSL/wolfssl/src/tls.c:4195:15:TLSX_SupportedCurve_GetSize	24	static
../Middlewares/Third_Party/wolfSSL_wolfSSL_wolfSSL/wolfssl/src/tls.c:4210:15:TLSX_PointFormat_GetSize	24	static
../Middlewares/Third_Party/wolfSSL_wolfSSL_wolfSSL/wolfssl/src/tls.c:4225:15:TLSX_SupportedCurve_Write	24	static
../Middlewares/Third_Party/wolfSSL_wolfSSL_wolfSSL/wolfssl/src/tls.c:4242:15:TLSX_PointFormat_Write	24	static
../Middlewares/Third_Party/wolfSSL_wolfSSL_wolfSSL/wolfssl/src/tls.c:4259:5:TLSX_SupportedCurve_Parse	40	static
../Middlewares/Third_Party/wolfSSL_wolfSSL_wolfSSL/wolfssl/src/tls.c:4336:5:TLSX_SupportedCurve_CheckPriority	40	static
../Middlewares/Third_Party/wolfSSL_wolfSSL_wolfSSL/wolfssl/src/tls.c:4392:12:tlsx_ffdhe_find_group	40	static
../Middlewares/Third_Party/wolfSSL_wolfSSL_wolfSSL/wolfssl/src/tls.c:4565:5:TLSX_SupportedFFDHE_Set	48	static
../Middlewares/Third_Party/wolfSSL_wolfSSL_wolfSSL/wolfssl/src/tls.c:4627:5:TLSX_SupportedCurve_Preferred	24	static
../Middlewares/Third_Party/wolfSSL_wolfSSL_wolfSSL/wolfssl/src/tls.c:4650:12:TLSX_PointFormat_Parse	32	static
../Middlewares/Third_Party/wolfSSL_wolfSSL_wolfSSL/wolfssl/src/tls.c:4673:5:TLSX_ValidateSupportedCurves	72	static
../Middlewares/Third_Party/wolfSSL_wolfSSL_wolfSSL/wolfssl/src/tls.c:5024:5:TLSX_SupportedCurve_Copy	40	static
../Middlewares/Third_Party/wolfSSL_wolfSSL_wolfSSL/wolfssl/src/tls.c:5043:5:TLSX_UseSupportedCurve	40	static
../Middlewares/Third_Party/wolfSSL_wolfSSL_wolfSSL/wolfssl/src/tls.c:5082:5:TLSX_UsePointFormat	40	static
../Middlewares/Third_Party/wolfSSL_wolfSSL_wolfSSL/wolfssl/src/tls.c:5586:12:TLSX_EncryptThenMac_GetSize	16	static
../Middlewares/Third_Party/wolfSSL_wolfSSL_wolfSSL/wolfssl/src/tls.c:5610:12:TLSX_EncryptThenMac_Write	24	static
../Middlewares/Third_Party/wolfSSL_wolfSSL_wolfSSL/wolfssl/src/tls.c:5639:12:TLSX_EncryptThenMac_Parse	32	static
../Middlewares/Third_Party/wolfSSL_wolfSSL_wolfSSL/wolfssl/src/tls.c:5684:12:TLSX_EncryptThenMac_Use	24	static
../Middlewares/Third_Party/wolfSSL_wolfSSL_wolfSSL/wolfssl/src/tls.c:5708:5:TLSX_EncryptThenMac_Respond	24	static
../Middlewares/Third_Party/wolfSSL_wolfSSL_wolfSSL/wolfssl/src/tls.c:5939:22:versionIsGreater	16	static
../Middlewares/Third_Party/wolfSSL_wolfSSL_wolfSSL/wolfssl/src/tls.c:5952:22:versionIsLesser	16	static
../Middlewares/Third_Party/wolfSSL_wolfSSL_wolfSSL/wolfssl/src/tls.c:5965:22:versionIsAtLeast	16	static
../Middlewares/Third_Party/wolfSSL_wolfSSL_wolfSSL/wolfssl/src/tls.c:5978:22:versionIsLessEqual	16	static
../Middlewares/Third_Party/wolfSSL_wolfSSL_wolfSSL/wolfssl/src/tls.c:5997:12:TLSX_SupportedVersions_GetSize	40	static
../Middlewares/Third_Party/wolfSSL_wolfSSL_wolfSSL/wolfssl/src/tls.c:6080:12:TLSX_SupportedVersions_Write	40	static
../Middlewares/Third_Party/wolfSSL_wolfSSL_wolfSSL/wolfssl/src/tls.c:6194:5:TLSX_SupportedVersions_Parse	56	static
../Middlewares/Third_Party/wolfSSL_wolfSSL_wolfSSL/wolfssl/src/tls.c:6359:12:TLSX_SetSupportedVersions	24	static
../Middlewares/Third_Party/wolfSSL_wolfSSL_wolfSSL/wolfssl/src/tls.c:6759:15:TLSX_SignatureAlgorithms_GetSize	24	static
../Middlewares/Third_Party/wolfSSL_wolfSSL_wolfSSL/wolfssl/src/tls.c:6779:12:TLSX_SignatureAlgorithms_MapPss	32	static
../Middlewares/Third_Party/wolfSSL_wolfSSL_wolfSSL/wolfssl/src/tls.c:6808:15:TLSX_SignatureAlgorithms_Write	32	static
../Middlewares/Third_Party/wolfSSL_wolfSSL_wolfSSL/wolfssl/src/tls.c:6842:12:TLSX_SignatureAlgorithms_Parse	32	static
../Middlewares/Third_Party/wolfSSL_wolfSSL_wolfSSL/wolfssl/src/tls.c:6883:12:TLSX_SetSignatureAlgorithms	32	static
../Middlewares/Third_Party/wolfSSL_wolfSSL_wolfSSL/wolfssl/src/tls.c:6906:22:TLSX_SignatureAlgorithms_New	32	static
../Middlewares/Third_Party/wolfSSL_wolfSSL_wolfSSL/wolfssl/src/tls.c:6922:6:TLSX_SignatureAlgorithms_FreeAll	16	static
../Middlewares/Third_Party/wolfSSL_wolfSSL_wolfSSL/wolfssl/src/tls.c:6944:15:TLSX_SignatureAlgorithmsCert_GetSize	24	static
../Middlewares/Third_Party/wolfSSL_wolfSSL_wolfSSL/wolfssl/src/tls.c:6957:15:TLSX_SignatureAlgorithmsCert_Write	24	static
../Middlewares/Third_Party/wolfSSL_wolfSSL_wolfSSL/wolfssl/src/tls.c:6975:12:TLSX_SignatureAlgorithmsCert_Parse	32	static
../Middlewares/Third_Party/wolfSSL_wolfSSL_wolfSSL/wolfssl/src/tls.c:7012:12:TLSX_SetSignatureAlgorithmsCert	24	static
../Middlewares/Third_Party/wolfSSL_wolfSSL_wolfSSL/wolfssl/src/tls.c:7039:12:TLSX_KeyShare_GenDhKey	48	static
../Middlewares/Third_Party/wolfSSL_wolfSSL_wolfSSL/wolfssl/src/tls.c:7227:12:TLSX_KeyShare_GenX25519Key	24	static
../Middlewares/Third_Party/wolfSSL_wolfSSL_wolfSSL/wolfssl/src/tls.c:7318:12:TLSX_KeyShare_GenX448Key	24	static
../Middlewares/Third_Party/wolfSSL_wolfSSL_wolfSSL/wolfssl/src/tls.c:7406:12:TLSX_KeyShare_GenEccKey	32	static
../Middlewares/Third_Party/wolfSSL_wolfSSL_wolfSSL/wolfssl/src/tls.c:7761:5:TLSX_KeyShare_GenKey	24	static
../Middlewares/Third_Party/wolfSSL_wolfSSL_wolfSSL/wolfssl/src/tls.c:7788:13:TLSX_KeyShare_FreeAll	24	static
../Middlewares/Third_Party/wolfSSL_wolfSSL_wolfSSL/wolfssl/src/tls.c:7838:15:TLSX_KeyShare_GetSize	24	static
../Middlewares/Third_Party/wolfSSL_wolfSSL_wolfSSL/wolfssl/src/tls.c:7871:15:TLSX_KeyShare_Write	32	static
../Middlewares/Third_Party/wolfSSL_wolfSSL_wolfSSL/wolfssl/src/tls.c:7914:12:TLSX_KeyShare_ProcessDh	80	static
../Middlewares/Third_Party/wolfSSL_wolfSSL_wolfSSL/wolfssl/src/tls.c:8055:12:TLSX_KeyShare_ProcessX25519	24	static
../Middlewares/Third_Party/wolfSSL_wolfSSL_wolfSSL/wolfssl/src/tls.c:8136:12:TLSX_KeyShare_ProcessX448	24	static
../Middlewares/Third_Party/wolfSSL_wolfSSL_wolfSSL/wolfssl/src/tls.c:8216:12:TLSX_KeyShare_ProcessEcc	56	static
../Middlewares/Third_Party/wolfSSL_wolfSSL_wolfSSL/wolfssl/src/tls.c:8531:12:TLSX_KeyShare_Process	24	static
../Middlewares/Third_Party/wolfSSL_wolfSSL_wolfSSL/wolfssl/src/tls.c:8578:12:TLSX_KeyShareEntry_Parse	48	static
../Middlewares/Third_Party/wolfSSL_wolfSSL_wolfSSL/wolfssl/src/tls.c:8635:12:TLSX_KeyShare_Find	24	static
../Middlewares/Third_Party/wolfSSL_wolfSSL_wolfSSL/wolfssl/src/tls.c:8664:12:TLSX_SupportedGroups_Find	32	static
../Middlewares/Third_Party/wolfSSL_wolfSSL_wolfSSL/wolfssl/src/tls.c:8690:5:TLSX_KeyShare_Parse_ClientHello	48	static
../Middlewares/Third_Party/wolfSSL_wolfSSL_wolfSSL/wolfssl/src/tls.c:8739:5:TLSX_KeyShare_Parse	48	static
../Middlewares/Third_Party/wolfSSL_wolfSSL_wolfSSL/wolfssl/src/tls.c:8843:12:TLSX_KeyShare_New	32	static
../Middlewares/Third_Party/wolfSSL_wolfSSL_wolfSSL/wolfssl/src/tls.c:9042:5:TLSX_KeyShare_Use	40	static
../Middlewares/Third_Party/wolfSSL_wolfSSL_wolfSSL/wolfssl/src/tls.c:9118:5:TLSX_KeyShare_Empty	24	static
../Middlewares/Third_Party/wolfSSL_wolfSSL_wolfSSL/wolfssl/src/tls.c:9142:12:TLSX_KeyShare_IsSupported	16	static
../Middlewares/Third_Party/wolfSSL_wolfSSL_wolfSSL/wolfssl/src/tls.c:9366:12:TLSX_KeyShare_GroupRank	32	static
../Middlewares/Third_Party/wolfSSL_wolfSSL_wolfSSL/wolfssl/src/tls.c:9399:5:TLSX_KeyShare_SetSupported	48	static
../Middlewares/Third_Party/wolfSSL_wolfSSL_wolfSSL/wolfssl/src/tls.c:9474:5:TLSX_KeyShare_Choose	56	static
../Middlewares/Third_Party/wolfSSL_wolfSSL_wolfSSL/wolfssl/src/tls.c:9562:5:TLSX_KeyShare_Setup	32	static
../Middlewares/Third_Party/wolfSSL_wolfSSL_wolfSSL/wolfssl/src/tls.c:9658:5:TLSX_KeyShare_Establish	40	static
../Middlewares/Third_Party/wolfSSL_wolfSSL_wolfSSL/wolfssl/src/tls.c:9686:5:TLSX_KeyShare_DeriveSecret	32	static
../Middlewares/Third_Party/wolfSSL_wolfSSL_wolfSSL/wolfssl/src/tls.c:11272:7:TLSX_Find	24	static
../Middlewares/Third_Party/wolfSSL_wolfSSL_wolfSSL/wolfssl/src/tls.c:11283:6:TLSX_Remove	32	static
../Middlewares/Third_Party/wolfSSL_wolfSSL_wolfSSL/wolfssl/src/tls.c:11997:6:TLSX_FreeAll	24	static
../Middlewares/Third_Party/wolfSSL_wolfSSL_wolfSSL/wolfssl/src/tls.c:12179:5:TLSX_SupportExtensions	16	static
../Middlewares/Third_Party/wolfSSL_wolfSSL_wolfSSL/wolfssl/src/tls.c:12184:12:TLSX_GetSize	48	static
../Middlewares/Third_Party/wolfSSL_wolfSSL_wolfSSL/wolfssl/src/tls.c:12371:12:TLSX_Write	48	static
../Middlewares/Third_Party/wolfSSL_wolfSSL_wolfSSL/wolfssl/src/tls.c:12611:12:TLSX_PopulateSupportedGroups	24	static
../Middlewares/Third_Party/wolfSSL_wolfSSL_wolfSSL/wolfssl/src/tls.c:12847:5:TLSX_PopulateExtensions	64	static
../Middlewares/Third_Party/wolfSSL_wolfSSL_wolfSSL/wolfssl/src/tls.c:13380:5:TLSX_GetRequestSize	48	static
../Middlewares/Third_Party/wolfSSL_wolfSSL_wolfSSL/wolfssl/src/tls.c:13610:5:TLSX_WriteRequest	56	static
../Middlewares/Third_Party/wolfSSL_wolfSSL_wolfSSL/wolfssl/src/tls.c:13752:5:TLSX_GetResponseSize	48	static
../Middlewares/Third_Party/wolfSSL_wolfSSL_wolfSSL/wolfssl/src/tls.c:13894:5:TLSX_WriteResponse	56	static
../Middlewares/Third_Party/wolfSSL_wolfSSL_wolfSSL/wolfssl/src/tls.c:14058:5:TLSX_ParseVersion	64	static
../Middlewares/Third_Party/wolfSSL_wolfSSL_wolfSSL/wolfssl/src/tls.c:14103:5:TLSX_Parse	64	static
../Middlewares/Third_Party/wolfSSL_wolfSSL_wolfSSL/wolfssl/src/tls.c:14735:21:wolfTLS_client_method	8	static
../Middlewares/Third_Party/wolfSSL_wolfSSL_wolfSSL/wolfssl/src/tls.c:14739:21:wolfTLS_client_method_ex	24	static
../Middlewares/Third_Party/wolfSSL_wolfSSL_wolfSSL/wolfssl/src/tls.c:14803:21:wolfTLSv1_2_client_method	8	static
../Middlewares/Third_Party/wolfSSL_wolfSSL_wolfSSL/wolfssl/src/tls.c:14807:21:wolfTLSv1_2_client_method_ex	24	static
../Middlewares/Third_Party/wolfSSL_wolfSSL_wolfSSL/wolfssl/src/tls.c:14826:21:wolfTLSv1_3_client_method	8	static
../Middlewares/Third_Party/wolfSSL_wolfSSL_wolfSSL/wolfssl/src/tls.c:14836:21:wolfTLSv1_3_client_method_ex	24	static
../Middlewares/Third_Party/wolfSSL_wolfSSL_wolfSSL/wolfssl/src/tls.c:15089:21:wolfTLS_server_method	8	static
../Middlewares/Third_Party/wolfSSL_wolfSSL_wolfSSL/wolfssl/src/tls.c:15094:21:wolfTLS_server_method_ex	24	static
../Middlewares/Third_Party/wolfSSL_wolfSSL_wolfSSL/wolfssl/src/tls.c:15163:21:wolfTLSv1_2_server_method	8	static
../Middlewares/Third_Party/wolfSSL_wolfSSL_wolfSSL/wolfssl/src/tls.c:15167:21:wolfTLSv1_2_server_method_ex	24	static
../Middlewares/Third_Party/wolfSSL_wolfSSL_wolfSSL/wolfssl/src/tls.c:15188:21:wolfTLSv1_3_server_method	8	static
../Middlewares/Third_Party/wolfSSL_wolfSSL_wolfSSL/wolfssl/src/tls.c:15198:21:wolfTLSv1_3_server_method_ex	24	static
